Windows PowerShell
Copyright (C) 2014 Microsoft Corporation. All rights reserved.

PS C:\Users\Work PC\Desktop\Node.js Complete> git status
On branch main
Your branch is up to date with 'origin/main'.

Changes not staged for commit:
  (use "git add/rm <file>..." to update what will be committed)
  (use "git restore <file>..." to discard changes in working directory)
        modified:   7-mind-grenade.js
        modified:   content/first.txt
        deleted:    npm.js
        modified:   package-lock.json
        modified:   package.json

Untracked files:
  (use "git add <file>..." to include in what will be committed)
        1-event-loop-examples/
        13-npmtest.js
        NodePackageModules(npm)
        app.js

no changes added to commit (use "git add" and/or "git commit -a")
PS C:\Users\Work PC\Desktop\Node.js Complete> git add .
warning: in the working copy of 'package-lock.json', LF will be replaced by CRLF the next time Git touches it
warning: in the working copy of 'package.json', LF will be replaced by CRLF the next time Git touches it
PS C:\Users\Work PC\Desktop\Node.js Complete> git status
On branch main
Your branch is up to date with 'origin/main'.

Changes to be committed:
  (use "git restore --staged <file>..." to unstage)
        new file:   1-event-loop-examples/1-read-file.js
        new file:   1-event-loop-examples/2-setTimeout.js
        new file:   1-event-loop-examples/3-setInterval.js
        new file:   1-event-loop-examples/4-server.js
        new file:   1-event-loop-examples/eventloop.js
        new file:   13-npmtest.js
        modified:   7-mind-grenade.js
        new file:   NodePackageModules(npm)
        new file:   app.js
        modified:   content/first.txt
        deleted:    npm.js
        modified:   package-lock.json
        modified:   package.json

PS C:\Users\Work PC\Desktop\Node.js Complete> git commit -m "second commit" -m "added necessary changes"
[main 15b9deb] second commit
 13 files changed, 755 insertions(+), 27 deletions(-)
 create mode 100644 1-event-loop-examples/1-read-file.js
 create mode 100644 1-event-loop-examples/2-setTimeout.js
 create mode 100644 1-event-loop-examples/3-setInterval.js
 create mode 100644 1-event-loop-examples/4-server.js
 create mode 100644 1-event-loop-examples/eventloop.js
 create mode 100644 13-npmtest.js
 create mode 100644 NodePackageModules(npm)
 create mode 100644 app.js
 delete mode 100644 npm.js
PS C:\Users\Work PC\Desktop\Node.js Complete> git status
On branch main
Your branch is ahead of 'origin/main' by 1 commit.
  (use "git push" to publish your local commits)

nothing to commit, working tree clean
PS C:\Users\Work PC\Desktop\Node.js Complete> git push
Enumerating objects: 22, done.
Counting objects: 100% (22/22), done.
Delta compression using up to 2 threads
Compressing objects: 100% (14/14), done.
Writing objects: 100% (16/16), 7.07 KiB | 401.00 KiB/s, done.
Total 16 (delta 2), reused 0 (delta 0), pack-reused 0
remote: Resolving deltas: 100% (2/2), completed with 2 local objects.
To github.com:danielfajuyi/nodepractice.git
   104d275..15b9deb  main -> main
PS C:\Users\Work PC\Desktop\Node.js Complete> git status
On branch main
Your branch is up to date with 'origin/main'.

nothing to commit, working tree clean
PS C:\Users\Work PC\Desktop\Node.js Complete>